---
source: tests/integration_tests/shell_wrapper.rs
expression: "&output.combined"
---
[36m◎[39m [36mRunning pre-merge [1mproject:format[22m:[39m
[107m [0m [2m[0m[2m[34mecho[0m[2m [0m[2m[32m'✓ Code formatting check passed'[0m[2m
✓ Code formatting check passed
[36m◎[39m [36mRunning pre-merge [1mproject:lint[22m:[39m
[107m [0m [2m[0m[2m[34mecho[0m[2m [0m[2m[32m'✓ Linting passed - no warnings'[0m[2m
✓ Linting passed - no warnings
[36m◎[39m [36mRunning pre-merge [1mproject:test[22m:[39m
[107m [0m [2m[0m[2m[34mecho[0m[2m [0m[2m[32m'✓ All 47 tests passed in 2.3s'[0m[2m
✓ All 47 tests passed in 2.3s
[36m◎[39m [36mMerging 1 commit to [1mmain[22m @ [2m[HASH][22m (no commit/squash/rebase needed)[39m
[107m [0m * [33m[HASH][m Add feature file
[107m [0m  feature.txt | 1 [32m+[m
[107m [0m  1 file changed, 1 insertion(+)
[32m✓[39m [32mMerged to [1mmain[22m [90m(1 commit, 1 file, [32m+1[39m[39m[90m)[39m[39m
[36m◎ Removing [1mfeature[22m worktree & branch in background (same commit as [1mmain[22m,[39m [2m_[22m[36m)[39m
[2m○[22m Switched to worktree for [1mmain[22m @ [1m_REPO_[22m
