---
source: tests/integration_tests/diagnostic.rs
expression: normalize_report(&content)
---
## Diagnostic Report

**Generated:** [TIMESTAMP]
**Command:** `[PROJECT_ROOT]/target/debug/wt list -vv`
**Result:** Command completed successfully

<details>
<summary>Environment</summary>

```
wt [VERSION] ([OS] [ARCH])
git [GIT_VERSION]
Shell integration: inactive
```
</details>

<details>
<summary>Worktrees</summary>

```
worktree [PATH]
HEAD [COMMIT]
branch refs/heads/main

worktree [PATH]
HEAD [COMMIT]
```
</details>

<details>
<summary>Config</summary>

```
User config: [TEST_CONFIG]
(file not found)

Project config: _REPO_/.config/wt.toml
(file not found)
```
</details>


<details>
<summary>Verbose log</summary>

[VERBOSE_LOG_CONTENT]
</details>
