---
source: tests/integration_tests/init.rs
info:
  program: wt
  args:
    - init
    - fish
  env:
    CLICOLOR_FORCE: "1"
    COLUMNS: "150"
    GIT_AUTHOR_DATE: "2025-01-01T00:00:00Z"
    GIT_COMMITTER_DATE: "2025-01-01T00:00:00Z"
    GIT_CONFIG_GLOBAL: /dev/null
    GIT_CONFIG_SYSTEM: /dev/null
    GIT_EDITOR: ""
    LANG: C
    LC_ALL: C
    SOURCE_DATE_EPOCH: "1761609600"
    WORKTRUNK_CONFIG_PATH: /var/folders/wf/s6ycxvvs4ln8qsdbfx40hnc40000gn/T/.tmp5Ozdm0/test-config.toml
---
success: true
exit_code: 0
----- stdout -----
# worktrunk shell integration for fish

# Only initialize if wt is available (in PATH or via WORKTRUNK_BIN)
if type -q wt; or set -q WORKTRUNK_BIN
    # Use WORKTRUNK_BIN if set, otherwise default to 'wt'
    # This allows testing development builds: set -x WORKTRUNK_BIN ./target/debug/wt
    if set -q WORKTRUNK_BIN
        set -g _WORKTRUNK_CMD $WORKTRUNK_BIN
    else
        set -g _WORKTRUNK_CMD wt
    end

    # Helper function to parse wt output and handle directives
    # Directives are NUL-terminated to support multi-line commands
    #
    # IMPORTANT: No "begin...end" block on the left side of the pipe!
    # Fish runs only one piece of fish script at a time; a block on the LHS
    # would serialize the pipeline (RHS wouldn't run until LHS finishes).
    # By keeping the LHS as a plain external command, the RHS can consume
    # the stream concurrently, preserving temporal ordering.
    function wt_exec
        set -l exec_cmd ""

        # Debug mode: set WORKTRUNK_DEBUG=1 to see what's happening
        set -l debug_mode 0
        if set -q WORKTRUNK_DEBUG
            set debug_mode 1
            echo "[DEBUG] Starting wt_exec with args: $argv" >&2
        end

        # CRITICAL: Do NOT add "2>&1" here!
        # We want child stderr to remain a TTY (via Stdio::inherit() in Rust)
        # so that child processes stream output in real-time with colors/progress bars.
        # Only worktrunk's stdout (directives + messages) flows through this pipe.
        set -l chunk_count 0
        command $_WORKTRUNK_CMD $argv | while read -z chunk
            set chunk_count (math $chunk_count + 1)
            if test $debug_mode -eq 1
                echo "[DEBUG] Chunk $chunk_count length: "(string length -- $chunk) >&2
                echo "[DEBUG] Chunk $chunk_count first 50 chars: "(string sub -l 50 -- $chunk) >&2
            end

            if string match -q '__WORKTRUNK_CD__*' -- $chunk
                # CD directive - extract path and change directory
                set -l path (string replace '__WORKTRUNK_CD__' '' -- $chunk)
                if test $debug_mode -eq 1
                    echo "[DEBUG] CD directive: $path" >&2
                end
                if not cd $path
                    echo "Error: Failed to change directory to $path" >&2
                end
            else if string match -q '__WORKTRUNK_EXEC__*' -- $chunk
                # EXEC directive - extract command (may contain newlines)
                set exec_cmd (string replace '__WORKTRUNK_EXEC__' '' -- $chunk)
                if test $debug_mode -eq 1
                    echo "[DEBUG] EXEC directive: $exec_cmd" >&2
                end
            else if test -n "$chunk"
                # Regular output - print it with newline
                if test $debug_mode -eq 1
                    echo "[DEBUG] Message chunk" >&2
                end
                printf '%s\n' $chunk
            end
        end

        # CRITICAL: Capture $pipestatus IMMEDIATELY after the pipe, before ANY other commands!
        # Every command (including 'if', 'test', 'echo') clobbers $pipestatus
        set -l codes $pipestatus
        set -l exit_code $codes[1]

        if test $debug_mode -eq 1
            echo "[DEBUG] Finished reading, total chunks: $chunk_count" >&2
            echo "[DEBUG] Pipeline status codes: $codes" >&2
            echo "[DEBUG] Exit code: $exit_code" >&2
        end

        # Execute command if one was specified
        # Exit code semantics: If wt fails, returns wt's exit code (command never executes).
        # If wt succeeds but command fails, returns the command's exit code.
        if test -n "$exec_cmd"
            eval $exec_cmd
            set exit_code $status
        end

        return $exit_code
    end

    # Override wt command to add --internal flag
    function wt
        set -l use_source false
        set -l args
        set -l saved_cmd $_WORKTRUNK_CMD

        # Check for --source flag and strip it
        for arg in $argv
            if test "$arg" = "--source"
                set use_source true
            else
                set -a args $arg
            end
        end

        # If --source was specified, build and use local debug binary
        if test $use_source = true
            if not cargo build --quiet
                set _WORKTRUNK_CMD $saved_cmd
                return 1
            end
            set _WORKTRUNK_CMD ./target/debug/wt
        end

        # Force colors if wrapper's stdout is a TTY (respects NO_COLOR and explicit CLICOLOR_FORCE)
        if not set -q NO_COLOR; and not set -q CLICOLOR_FORCE
            if isatty stdout
                set -x CLICOLOR_FORCE 1
            end
        end

        # Always use --internal mode for directive support
        wt_exec --internal $args

        # Restore original command
        set -l result $status
        set _WORKTRUNK_CMD $saved_cmd
        return $result
    end

    # Register Clap-based completions (auto-updates after wt upgrades)
    set -l _wt_completion_script (COMPLETE=fish $_WORKTRUNK_CMD 2>/dev/null | string collect)
    if test -n "$_wt_completion_script"
        eval $_wt_completion_script
    end
end

# Static completions (commands and flags)
# Print an optspec for argparse to handle cmd's options that are independent of any subcommand.
function __fish_wt_global_optspecs
	string join \n source v/verbose internal h/help V/version
end

function __fish_wt_needs_command
	# Figure out if the current invocation already has a command.
	set -l cmd (commandline -opc)
	set -e cmd[1]
	argparse -s (__fish_wt_global_optspecs) -- $cmd 2>/dev/null
	or return
	if set -q argv[1]
		# Also print the command, so this can be used to figure out what it is.
		echo $argv[1]
		return 1
	end
	return 0
end

function __fish_wt_using_subcommand
	set -l cmd (__fish_wt_needs_command)
	test -z "$cmd"
	and return 1
	contains -- $cmd[1] $argv
end

complete -c wt -n "__fish_wt_needs_command" -s v -l verbose -d 'Enable verbose output (show git commands and debug info)'
complete -c wt -n "__fish_wt_needs_command" -s h -l help -d 'Print help'
complete -c wt -n "__fish_wt_needs_command" -s V -l version -d 'Print version'
complete -c wt -n "__fish_wt_needs_command" -f -a "init" -d 'Generate shell integration code'
complete -c wt -n "__fish_wt_needs_command" -f -a "config" -d 'Manage configuration. For AI commit setup, run: `wt config --help` (see \'LLM SETUP GUIDE\').'
complete -c wt -n "__fish_wt_needs_command" -f -a "beta" -d 'Development and testing utilities'
complete -c wt -n "__fish_wt_needs_command" -f -a "list" -d 'List worktrees and optionally branches'
complete -c wt -n "__fish_wt_needs_command" -f -a "switch" -d 'Switch to a worktree'
complete -c wt -n "__fish_wt_needs_command" -f -a "remove" -d 'Finish current worktree, returning to primary if current'
complete -c wt -n "__fish_wt_needs_command" -f -a "merge" -d 'Merge worktree into target branch'
complete -c wt -n "__fish_wt_using_subcommand init" -l command-name -d 'Command name to use (defaults to \'wt\')' -r
complete -c wt -n "__fish_wt_using_subcommand init" -s v -l verbose -d 'Enable verbose output (show git commands and debug info)'
complete -c wt -n "__fish_wt_using_subcommand init" -s h -l help -d 'Print help'
complete -c wt -n "__fish_wt_using_subcommand config; and not __fish_seen_subcommand_from init list refresh-cache shell" -s v -l verbose -d 'Enable verbose output (show git commands and debug info)'
complete -c wt -n "__fish_wt_using_subcommand config; and not __fish_seen_subcommand_from init list refresh-cache shell" -s h -l help -d 'Print help (see more with \'--help\')'
complete -c wt -n "__fish_wt_using_subcommand config; and not __fish_seen_subcommand_from init list refresh-cache shell" -f -a "init" -d 'Initialize global configuration file with examples'
complete -c wt -n "__fish_wt_using_subcommand config; and not __fish_seen_subcommand_from init list refresh-cache shell" -f -a "list" -d 'List all configuration files and their locations'
complete -c wt -n "__fish_wt_using_subcommand config; and not __fish_seen_subcommand_from init list refresh-cache shell" -f -a "refresh-cache" -d 'Refresh the cached default branch by querying the remote'
complete -c wt -n "__fish_wt_using_subcommand config; and not __fish_seen_subcommand_from init list refresh-cache shell" -f -a "shell" -d 'Configure shell by writing to config files'
complete -c wt -n "__fish_wt_using_subcommand config; and __fish_seen_subcommand_from init" -s v -l verbose -d 'Enable verbose output (show git commands and debug info)'
complete -c wt -n "__fish_wt_using_subcommand config; and __fish_seen_subcommand_from init" -s h -l help -d 'Print help'
complete -c wt -n "__fish_wt_using_subcommand config; and __fish_seen_subcommand_from list" -s v -l verbose -d 'Enable verbose output (show git commands and debug info)'
complete -c wt -n "__fish_wt_using_subcommand config; and __fish_seen_subcommand_from list" -s h -l help -d 'Print help'
complete -c wt -n "__fish_wt_using_subcommand config; and __fish_seen_subcommand_from refresh-cache" -s v -l verbose -d 'Enable verbose output (show git commands and debug info)'
complete -c wt -n "__fish_wt_using_subcommand config; and __fish_seen_subcommand_from refresh-cache" -s h -l help -d 'Print help'
complete -c wt -n "__fish_wt_using_subcommand config; and __fish_seen_subcommand_from shell" -l shell -d 'Specific shell to configure (default: all shells with existing config files)' -r -f -a "bash\t''
elvish\t''
fish\t''
nushell\t''
oil\t''
powershell\t''
xonsh\t''
zsh\t''"
complete -c wt -n "__fish_wt_using_subcommand config; and __fish_seen_subcommand_from shell" -l command-name -d 'Command name to use (defaults to \'wt\')' -r
complete -c wt -n "__fish_wt_using_subcommand config; and __fish_seen_subcommand_from shell" -s f -l force -d 'Skip confirmation prompt'
complete -c wt -n "__fish_wt_using_subcommand config; and __fish_seen_subcommand_from shell" -s v -l verbose -d 'Enable verbose output (show git commands and debug info)'
complete -c wt -n "__fish_wt_using_subcommand config; and __fish_seen_subcommand_from shell" -s h -l help -d 'Print help (see more with \'--help\')'
complete -c wt -n "__fish_wt_using_subcommand beta; and not __fish_seen_subcommand_from run-hook commit squash push rebase ask-approvals clear-approvals select" -s v -l verbose -d 'Enable verbose output (show git commands and debug info)'
complete -c wt -n "__fish_wt_using_subcommand beta; and not __fish_seen_subcommand_from run-hook commit squash push rebase ask-approvals clear-approvals select" -s h -l help -d 'Print help'
complete -c wt -n "__fish_wt_using_subcommand beta; and not __fish_seen_subcommand_from run-hook commit squash push rebase ask-approvals clear-approvals select" -f -a "run-hook" -d 'Run a project hook for testing'
complete -c wt -n "__fish_wt_using_subcommand beta; and not __fish_seen_subcommand_from run-hook commit squash push rebase ask-approvals clear-approvals select" -f -a "commit" -d 'Commit changes with LLM-generated message'
complete -c wt -n "__fish_wt_using_subcommand beta; and not __fish_seen_subcommand_from run-hook commit squash push rebase ask-approvals clear-approvals select" -f -a "squash" -d 'Squash commits with LLM-generated message'
complete -c wt -n "__fish_wt_using_subcommand beta; and not __fish_seen_subcommand_from run-hook commit squash push rebase ask-approvals clear-approvals select" -f -a "push" -d 'Push changes to target branch'
complete -c wt -n "__fish_wt_using_subcommand beta; and not __fish_seen_subcommand_from run-hook commit squash push rebase ask-approvals clear-approvals select" -f -a "rebase" -d 'Rebase current branch onto target branch'
complete -c wt -n "__fish_wt_using_subcommand beta; and not __fish_seen_subcommand_from run-hook commit squash push rebase ask-approvals clear-approvals select" -f -a "ask-approvals" -d 'Approve commands in the project config (shows unapproved by default)'
complete -c wt -n "__fish_wt_using_subcommand beta; and not __fish_seen_subcommand_from run-hook commit squash push rebase ask-approvals clear-approvals select" -f -a "clear-approvals" -d 'Clear approved commands from config'
complete -c wt -n "__fish_wt_using_subcommand beta; and not __fish_seen_subcommand_from run-hook commit squash push rebase ask-approvals clear-approvals select" -f -a "select" -d 'Interactive worktree selector'
complete -c wt -n "__fish_wt_using_subcommand beta; and __fish_seen_subcommand_from run-hook" -s f -l force -d 'Auto-approve project commands without saving approvals'
complete -c wt -n "__fish_wt_using_subcommand beta; and __fish_seen_subcommand_from run-hook" -s v -l verbose -d 'Enable verbose output (show git commands and debug info)'
complete -c wt -n "__fish_wt_using_subcommand beta; and __fish_seen_subcommand_from run-hook" -s h -l help -d 'Print help'
complete -c wt -n "__fish_wt_using_subcommand beta; and __fish_seen_subcommand_from commit" -s f -l force -d 'Auto-approve project commands without saving approvals'
complete -c wt -n "__fish_wt_using_subcommand beta; and __fish_seen_subcommand_from commit" -l no-verify -d 'Skip pre-commit project hooks'
complete -c wt -n "__fish_wt_using_subcommand beta; and __fish_seen_subcommand_from commit" -s v -l verbose -d 'Enable verbose output (show git commands and debug info)'
complete -c wt -n "__fish_wt_using_subcommand beta; and __fish_seen_subcommand_from commit" -s h -l help -d 'Print help'
complete -c wt -n "__fish_wt_using_subcommand beta; and __fish_seen_subcommand_from squash" -s f -l force -d 'Auto-approve project commands without saving approvals'
complete -c wt -n "__fish_wt_using_subcommand beta; and __fish_seen_subcommand_from squash" -l no-verify -d 'Skip pre-commit project hooks'
complete -c wt -n "__fish_wt_using_subcommand beta; and __fish_seen_subcommand_from squash" -s v -l verbose -d 'Enable verbose output (show git commands and debug info)'
complete -c wt -n "__fish_wt_using_subcommand beta; and __fish_seen_subcommand_from squash" -s h -l help -d 'Print help'
complete -c wt -n "__fish_wt_using_subcommand beta; and __fish_seen_subcommand_from push" -l allow-merge-commits -d 'Allow pushing merge commits (non-linear history)'
complete -c wt -n "__fish_wt_using_subcommand beta; and __fish_seen_subcommand_from push" -s v -l verbose -d 'Enable verbose output (show git commands and debug info)'
complete -c wt -n "__fish_wt_using_subcommand beta; and __fish_seen_subcommand_from push" -s h -l help -d 'Print help (see more with \'--help\')'
complete -c wt -n "__fish_wt_using_subcommand beta; and __fish_seen_subcommand_from rebase" -s v -l verbose -d 'Enable verbose output (show git commands and debug info)'
complete -c wt -n "__fish_wt_using_subcommand beta; and __fish_seen_subcommand_from rebase" -s h -l help -d 'Print help'
complete -c wt -n "__fish_wt_using_subcommand beta; and __fish_seen_subcommand_from ask-approvals" -s f -l force -d 'Auto-approve project commands without saving approvals'
complete -c wt -n "__fish_wt_using_subcommand beta; and __fish_seen_subcommand_from ask-approvals" -l all -d 'Show all commands including already-approved ones'
complete -c wt -n "__fish_wt_using_subcommand beta; and __fish_seen_subcommand_from ask-approvals" -s v -l verbose -d 'Enable verbose output (show git commands and debug info)'
complete -c wt -n "__fish_wt_using_subcommand beta; and __fish_seen_subcommand_from ask-approvals" -s h -l help -d 'Print help'
complete -c wt -n "__fish_wt_using_subcommand beta; and __fish_seen_subcommand_from clear-approvals" -s g -l global -d 'Clear approvals from global config (all projects)'
complete -c wt -n "__fish_wt_using_subcommand beta; and __fish_seen_subcommand_from clear-approvals" -s v -l verbose -d 'Enable verbose output (show git commands and debug info)'
complete -c wt -n "__fish_wt_using_subcommand beta; and __fish_seen_subcommand_from clear-approvals" -s h -l help -d 'Print help'
complete -c wt -n "__fish_wt_using_subcommand beta; and __fish_seen_subcommand_from select" -s v -l verbose -d 'Enable verbose output (show git commands and debug info)'
complete -c wt -n "__fish_wt_using_subcommand beta; and __fish_seen_subcommand_from select" -s h -l help -d 'Print help (see more with \'--help\')'
complete -c wt -n "__fish_wt_using_subcommand list" -l format -d 'Output format' -r -f -a "table\t'Human-readable table format'
json\t'Machine-readable JSON with display fields (includes styled unicode for rendering)'"
complete -c wt -n "__fish_wt_using_subcommand list" -l branches -d 'Include branches without worktrees'
complete -c wt -n "__fish_wt_using_subcommand list" -l full -d 'Show CI status, conflict detection, and complete diff statistics'
complete -c wt -n "__fish_wt_using_subcommand list" -s v -l verbose -d 'Enable verbose output (show git commands and debug info)'
complete -c wt -n "__fish_wt_using_subcommand list" -s h -l help -d 'Print help (see more with \'--help\')'
complete -c wt -n "__fish_wt_using_subcommand switch" -s b -l base -f -d 'Base branch to create from (only with --create). Use \'@\' for current HEAD' -r
complete -c wt -n "__fish_wt_using_subcommand switch" -s x -l execute -d 'Execute command after switching' -r
complete -c wt -n "__fish_wt_using_subcommand switch" -s c -l create -d 'Create a new branch'
complete -c wt -n "__fish_wt_using_subcommand switch" -s f -l force -d 'Auto-approve project commands without saving approvals'
complete -c wt -n "__fish_wt_using_subcommand switch" -l no-verify -d 'Skip all project hooks: post-create and post-start'
complete -c wt -n "__fish_wt_using_subcommand switch" -s v -l verbose -d 'Enable verbose output (show git commands and debug info)'
complete -c wt -n "__fish_wt_using_subcommand switch" -s h -l help -d 'Print help'
complete -c wt -n "__fish_wt_using_subcommand remove" -l no-delete-branch -d 'Don\'t delete the branch after removing the worktree (by default, branches are deleted)'
complete -c wt -n "__fish_wt_using_subcommand remove" -s v -l verbose -d 'Enable verbose output (show git commands and debug info)'
complete -c wt -n "__fish_wt_using_subcommand remove" -s h -l help -d 'Print help'
complete -c wt -n "__fish_wt_using_subcommand merge" -l no-squash -d 'Disable squashing commits (by default, commits are squashed into one before merging)'
complete -c wt -n "__fish_wt_using_subcommand merge" -l no-commit -d 'Push commits as-is without transformations (requires clean tree; implies --no-squash, --no-remove, and skips rebase)'
complete -c wt -n "__fish_wt_using_subcommand merge" -l no-remove -d 'Keep the worktree after merging'
complete -c wt -n "__fish_wt_using_subcommand merge" -l no-verify -d 'Skip pre-merge project hooks'
complete -c wt -n "__fish_wt_using_subcommand merge" -s f -l force -d 'Auto-approve project commands without saving approvals'
complete -c wt -n "__fish_wt_using_subcommand merge" -l tracked-only -d 'Only stage tracked files (git add -u) instead of all files (git add -A)'
complete -c wt -n "__fish_wt_using_subcommand merge" -s v -l verbose -d 'Enable verbose output (show git commands and debug info)'
complete -c wt -n "__fish_wt_using_subcommand merge" -s h -l help -d 'Print help (see more with \'--help\')'

----- stderr -----
