---
source: tests/integration_tests/merge.rs
info:
  program: wt
  args:
    - step
    - commit
    - "--stage=none"
  env:
    APPDATA: "[TEST_CONFIG_HOME]"
    CLICOLOR_FORCE: "1"
    COLUMNS: "150"
    GIT_AUTHOR_DATE: "2025-01-01T00:00:00Z"
    GIT_COMMITTER_DATE: "2025-01-01T00:00:00Z"
    GIT_CONFIG_GLOBAL: "[TEST_GIT_CONFIG]"
    GIT_CONFIG_SYSTEM: /dev/null
    GIT_EDITOR: ""
    GIT_TERMINAL_PROMPT: "0"
    HOME: "[TEST_HOME]"
    LANG: C
    LC_ALL: C
    PATH: "[PATH]"
    RUST_LOG: warn
    SOURCE_DATE_EPOCH: "1735776000"
    USERPROFILE: "[TEST_HOME]"
    WORKTRUNK_COMMIT_GENERATION__ARGS: "feat: this should fail"
    WORKTRUNK_COMMIT_GENERATION__COMMAND: echo
    WORKTRUNK_CONFIG_PATH: "[TEST_CONFIG]"
    XDG_CONFIG_HOME: "[TEST_CONFIG_HOME]"
---
success: false
exit_code: 1
----- stdout -----

----- stderr -----
[31m✗[39m [31mNothing to commit[39m
