---
source: tests/integration_tests/help.rs
info:
  program: wt
  args:
    - remove
    - "--help"
  env:
    CLICOLOR_FORCE: "1"
    COLUMNS: "150"
    GIT_EDITOR: ""
    SOURCE_DATE_EPOCH: "1735776000"
    WORKTRUNK_CONFIG_PATH: /nonexistent/test/config.toml
---
success: true
exit_code: 0
----- stdout -----

----- stderr -----
wt remove - Remove worktree and branch

Usage: [1m[36mwt remove[0m [36m[OPTIONS][0m [36m[WORKTREES]...

[1m[32mArguments:
  [36m[WORKTREES]...
          Worktree or branch (@ for current)

[1m[32mOptions:
      [1m[36m--no-delete-branch
          Keep branch after removal

  [1m[36m-D[0m, [1m[36m--force-delete
          Delete unmerged branches

      [1m[36m--no-background
          Run removal in foreground

      [1m[36m--no-verify
          Skip hooks

      [1m[36m--force
          Skip approval prompts

  [1m[36m-h[0m, [1m[36m--help
          Print help (see a summary with '-h')

[1m[32mGlobal Options:
  [1m[36m-C[0m[36m [0m[36m<path>
          Working directory for this command

      [1m[36m--config[0m[36m [0m[36m<path>
          User config file path

  [1m[36m-v[0m, [1m[36m--verbose
          Show commands and debug info

Removes worktrees and their branches. Without arguments, removes the current worktree and returns to the main worktree.

[32mExamples

Remove current worktree:

  [2mwt remove

Remove specific worktrees:

  [2mwt remove feature-branch
  [2mwt remove old-feature another-branch

Keep the branch:

  [2mwt remove --no-delete-branch feature-branch

Force-delete an unmerged branch:

  [2mwt remove -D experimental

[32mBranch cleanup

Branches delete automatically when their content is already in the target branch (typically main). This works with squash-merge and rebase workflows
where commit history differs but file changes match.

A branch is safe to delete when its content is already reflected in the target. Worktrunk checks four conditions (in order of cost):

1. [1mSame commit[0m — Branch HEAD is literally the same commit as target.
2. [1mNo added changes[0m — Three-dot diff ([2mmain...branch[0m) shows no files. The branch has no file changes beyond the merge-base (includes "branch is
ancestor" case).
3. [1mTree contents match[0m — Branch tree SHA equals main tree SHA. Commit history differs but file contents are identical (e.g., after a revert or
merge commit pulling in main).
4. [1mMerge adds nothing[0m — Simulated merge ([2mgit merge-tree[0m) produces the same tree as main. Handles squash-merged branches where main has since
advanced.

In [2mwt list[0m, [2m_[0m indicates same commit, and [2m⊂[0m indicates content is integrated. Branches showing either are dimmed as safe to delete.

Use [2m-D[0m to force-delete branches with unmerged changes. Use [2m--no-delete-branch[0m to keep the branch regardless of status.

[32mBackground removal

Removal runs in the background by default (returns immediately). Logs are written to [2m.git/wt-logs/{branch}-remove.log[0m. Use [2m--no-background[0m to run
in the foreground.

Arguments use path-first resolution—see wt switch. Shortcuts: [2m@[0m (current), [2m-[0m (previous), [2m^[0m (main worktree).

[32mSee also

- wt merge — Remove worktree after merging
- wt list — View all worktrees
