---
source: tests/integration_tests/spacing_edge_cases.rs
info:
  program: wt
  args:
    - list
  env:
    CLICOLOR_FORCE: "1"
    COLUMNS: "180"
    GIT_AUTHOR_DATE: "2025-01-01T00:00:00Z"
    GIT_COMMITTER_DATE: "2025-01-01T00:00:00Z"
    GIT_CONFIG_GLOBAL: "[TEST_GIT_CONFIG]"
    GIT_CONFIG_SYSTEM: /dev/null
    GIT_EDITOR: ""
    LANG: C
    LC_ALL: C
    SOURCE_DATE_EPOCH: "1761609600"
    WORKTRUNK_CONFIG_PATH: "[TEST_CONFIG]"
---
success: true
exit_code: 0
----- stdout -----

----- stderr -----
  [1mBranch[0m  [1mStatus[0m              [1mHEAD±[0m    [1mmain↕[0m  [1mPath[0m         [1mRemote⇅[0m  [1mCommit[0m    [1mAge[0m   [1mMessage[0m
@ [1m[35mmain[0m           [2m^[0m                            [1m[35m./test-repo[0m           [2mb834638e[0m  [2m10mo[0m  [2mInitial commit[0m
+ [2mhuge[0m    [36m?[0m    [2m≡[0m                              [2m./huge[0m                [2mb834638e[0m  [2m10mo[0m  [2mInitial commit[0m
+ tiny    [36m![0m                 [32m+1[0m   [31m-1[0m           ./tiny                [2mb834638e[0m  [2m10mo[0m  [2mInitial commit[0m

⚪ [2mShowing 3 worktrees, 1 with changes[0m
