---
source: tests/integration_tests/switch_picker.rs
expression: list
---
>
    Branch       Status        HEAD±    main↕  CI     Age
> @ main             ^                                [TIME]
  + feature-one      _                                [TIME]
  + feature-two      _                                [TIME]
