---
source: tests/integration_tests/shell_wrapper.rs
expression: "&output.combined"
---

[32m✓[39m [32mCreated branch [1mfeature-bg[22m from [1mmain[22m and worktree @ [1m_REPO_.feature-bg[22m[39m
[2m↳[22m [2mTo customize worktree locations, run [90mwt config create[39m[22m
[36m◎[39m [36mRunning post-start hooks: [1mproject[22m[39m
