---
source: tests/integration_tests/help.rs
info:
  program: wt
  args:
    - config
    - show
    - "--help"
  env:
    CLICOLOR_FORCE: "1"
    COLUMNS: "500"
    GIT_EDITOR: ""
    RUST_LOG: warn
    SOURCE_DATE_EPOCH: "1735776000"
    TERM: alacritty
    WORKTRUNK_CONFIG_PATH: /nonexistent/test/config.toml
    WORKTRUNK_TEST_SKIP_URL_HEALTH_CHECK: "1"
---
success: true
exit_code: 0
----- stdout -----

----- stderr -----
wt config show - Show configuration files & locations

Usage: [1m[36mwt config show[0m [36m[OPTIONS]

[1m[32mOptions:
      [1m[36m--full
          Run diagnostic checks (CI tools, commit generation)

  [1m[36m-h[0m, [1m[36m--help
          Print help (see a summary with '-h')

[1m[32mGlobal Options:
  [1m[36m-C[0m[36m [0m[36m<path>
          Working directory for this command

      [1m[36m--config[0m[36m [0m[36m<path>
          User config file path

  [1m[36m-v[0m, [1m[36m--verbose[0m[36m...
          Show debug info (-v), or also write diagnostic report (-vv)

Shows location and contents of user config ([2m~/.config/worktrunk/config.toml[0m)
and project config ([2m.config/wt.toml[0m).

If a config file doesn't exist, shows defaults that would be used.

[32mFull diagnostics

Use [2m--full[0m to run diagnostic checks:

  [2mwt config show --full

This tests:
- [1mCI tool status[0m — Whether [2mgh[0m (GitHub) or [2mglab[0m (GitLab) is installed and authenticated
- [1mCommit generation[0m — Whether the LLM command can generate commit messages
