---
source: tests/integration_tests/merge.rs
info:
  program: wt
  args:
    - merge
    - main
  env:
    CLICOLOR_FORCE: "1"
    COLUMNS: "150"
    GIT_AUTHOR_DATE: "2025-01-01T00:00:00Z"
    GIT_COMMITTER_DATE: "2025-01-01T00:00:00Z"
    GIT_CONFIG_GLOBAL: /dev/null
    GIT_CONFIG_SYSTEM: /dev/null
    GIT_EDITOR: ""
    LANG: C
    LC_ALL: C
    SOURCE_DATE_EPOCH: "1761609600"
    WORKTRUNK_COMMIT_GENERATION__ARGS__0: "-c"
    WORKTRUNK_COMMIT_GENERATION__ARGS__1: "cat >/dev/null && echo 'feat: implement user authentication system'"
    WORKTRUNK_COMMIT_GENERATION__COMMAND: sh
    WORKTRUNK_CONFIG_PATH: /var/folders/wf/s6ycxvvs4ln8qsdbfx40hnc40000gn/T/.tmpROUCaa/test-config.toml
---
success: true
exit_code: 0
----- stdout -----
🔄 [36mSquashing 2 commits into 1[0m (1 file, [32m+1[0m)...
🔄 [36mGenerating squash commit message...[0m
💡 [2mUsing fallback commit message. Run 'wt config help' to configure LLM-generated messages[0m
[40m [0m  [1mSquash commits from main[0m
[40m [0m  
[40m [0m  Combined commits:
[40m [0m  - feat: add authentication
[40m [0m  - fix: handle edge case
✅ [32mSquashed @ [2m[SHA][0m
🔄 [36mMerging 1 commit to [1m[36mmain[0m[36m @ [2m[SHA][0m (no rebase needed)

[40m [0m  * [SHA][33m ([m[1;36mHEAD[m[33m -> [m[1;32mfeature[m[33m)[m Squash commits from main
[40m [0m   auth.txt | 1 [32m+[m
[40m [0m   1 file changed, 1 insertion(+)
✅ [32mMerged to [1m[32mmain[0m[0m (1 commit, 1 file, [32m+1[0m)
✅ [32mReturned to primary at [1m[32m[REPO][0m[0m
🔄 [36mRemoving worktree & branch...[0m

----- stderr -----
