---
source: tests/integration_tests/remove.rs
info:
  program: wt
  args:
    - remove
  env:
    CLICOLOR_FORCE: "1"
    GIT_AUTHOR_DATE: "2025-01-01T00:00:00Z"
    GIT_COMMITTER_DATE: "2025-01-01T00:00:00Z"
    GIT_CONFIG_GLOBAL: /dev/null
    GIT_CONFIG_SYSTEM: /dev/null
    LANG: C
    LC_ALL: C
    SOURCE_DATE_EPOCH: "1761609600"
    WORKTRUNK_CONFIG_PATH: /var/folders/wf/s6ycxvvs4ln8qsdbfx40hnc40000gn/T/.tmpff7M3b/test-config.toml
---
success: true
exit_code: 0
----- stdout -----
✅ [32mAlready on default branch [1mmain[0m[0m

----- stderr -----
