---
source: tests/integration_tests/step_copy_ignored.rs
info:
  program: wt
  args:
    - step
    - copy-ignored
  env:
    CLICOLOR_FORCE: ""
    COLUMNS: "500"
    GIT_AUTHOR_DATE: "2025-01-01T00:00:00Z"
    GIT_COMMITTER_DATE: "2025-01-01T00:00:00Z"
    GIT_CONFIG_GLOBAL: "[TEST_GIT_CONFIG]"
    GIT_CONFIG_SYSTEM: /dev/null
    GIT_EDITOR: ""
    GIT_TERMINAL_PROMPT: "0"
    LANG: C
    LC_ALL: C
    NO_COLOR: ""
    RUST_LOG: warn
    SOURCE_DATE_EPOCH: "1735776000"
    TERM: alacritty
    WORKTRUNK_CONFIG_PATH: "[TEST_CONFIG]"
    WORKTRUNK_TEST_SKIP_URL_HEALTH_CHECK: "1"
---
success: true
exit_code: 0
----- stdout -----

----- stderr -----
✓ Copied 1 entry
