---
source: tests/integration_tests/list.rs
info:
  program: wt
  args:
    - list
    - "--full"
  env:
    APPDATA: "[TEST_CONFIG_HOME]"
    CLICOLOR_FORCE: "1"
    COLUMNS: "98"
    GIT_AUTHOR_DATE: "2025-01-01T00:00:00Z"
    GIT_COMMITTER_DATE: "2025-01-01T00:00:00Z"
    GIT_CONFIG_GLOBAL: "[TEST_GIT_CONFIG]"
    GIT_CONFIG_SYSTEM: /dev/null
    GIT_EDITOR: ""
    GIT_TERMINAL_PROMPT: "0"
    HOME: "[TEST_HOME]"
    LANG: C
    LC_ALL: C
    PATH: "[PATH]"
    RUST_LOG: warn
    SOURCE_DATE_EPOCH: "1735776000"
    USERPROFILE: "[TEST_HOME]"
    WORKTRUNK_CONFIG_PATH: "[TEST_CONFIG]"
    XDG_CONFIG_HOME: "[TEST_CONFIG_HOME]"
---
success: true
exit_code: 0
----- stdout -----

----- stderr -----
  [1mBranch[0m       [1mStatus[0m        [1mHEAD±[0m    [1mmain↕[0m     [1mmain…±[0m  [1mRemote⇅[0m  [1mCI[0m  [1mCommit[0m    [1mAge[0m   [1mMessage
@ feature-api  [36m+[39m   [2m↕[22m[2m⇡[22m     [32m+54[0m   [31m-5[0m   [32m↑4[0m  [2m[31m↓1[0m  [32m+234[0m  [31m-24[0m   [32m⇡3[0m      [2m[34m●[0m   [2mec97decc[0m  [2m30m[0m   [2mAdd API tests
^ main             [2m^[22m[2m⇅[22m                                    [32m⇡1[0m  [2m[31m⇣1[0m  [32m●[0m   [2m6088adb3[0m  [2m4d[0m    [2mMerge fix-au…
+ fix-auth         [2m↕[22m[2m|[22m                [32m↑2[0m  [2m[31m↓1[0m   [32m+25[0m  [31m-11[0m     [2m|[0m     [32m●[0m   [2m127407de[0m  [2m5h[0m    [2mAdd secure t…

[2m○[22m [2mShowing 3 worktrees, 1 with changes, 2 ahead, 1 column hidden
