---
source: tests/integration_tests/switch.rs
info:
  program: wt
  args:
    - switch
    - feature-z
  env:
    CLICOLOR_FORCE: "1"
    GIT_AUTHOR_DATE: "2025-01-01T00:00:00Z"
    GIT_COMMITTER_DATE: "2025-01-01T00:00:00Z"
    GIT_CONFIG_GLOBAL: /dev/null
    GIT_CONFIG_SYSTEM: /dev/null
    GIT_EDITOR: ""
    LANG: C
    LC_ALL: C
    SOURCE_DATE_EPOCH: "1761609600"
    WORKTRUNK_CONFIG_PATH: /var/folders/wf/s6ycxvvs4ln8qsdbfx40hnc40000gn/T/.tmpyvN94c/test-config.toml
---
success: true
exit_code: 0
----- stdout -----
✅ [32mSwitched to worktree for [1mfeature-z[0m at [WORKTREE_FEATURE_Z][0m

To enable automatic cd, run: wt configure-shell

----- stderr -----
