---
source: tests/integration_tests/shell_wrapper.rs
expression: "&output.combined"
---

[33m▲[39m [33m[1m--execute[22m will change in a future release: it will run a single program, with arguments after [1m--[22m, not a shell command line[39m
[2m↳[22m [2mComment at [4mhttps://github.com/max-sixty/worktrunk/issues/2860[24m if the new single-program form would make a workflow worse; to run this command line unchanged, pass it to a shell: [4m--execute fish -- -c 'echo \'line 1\'; echo \'line 2\'; echo \'line 3\''[24m[22m
[32m✓[39m [32mCreated branch [1mfish-multiline[22m from [1mmain[22m and worktree @ [1m_REPO_.fish-multiline[22m[39m
[2m↳[22m [2mTo customize worktree locations, run [4mwt config create[24m[22m
[36m◎[39m [36mExecuting (--execute):[39m
[107m [0m [2m[0m[2m[34mecho[0m[2m [0m[2m[32m'line 1'[0m[2m; [0m[2m[34mecho[0m[2m [0m[2m[32m'line 2'[0m[2m; [0m[2m[34mecho[0m[2m [0m[2m[32m'line 3'
line 1
line 2
line 3
