---
source: tests/integration_tests/help.rs
info:
  program: wt
  args:
    - step
    - "-h"
  env:
    CLICOLOR_FORCE: "1"
    COLUMNS: "150"
    GIT_EDITOR: ""
    RUST_LOG: warn
    SOURCE_DATE_EPOCH: "1735776000"
    TERM: alacritty
    WORKTRUNK_CONFIG_PATH: /nonexistent/test/config.toml
    WORKTRUNK_TEST_SKIP_URL_HEALTH_CHECK: "1"
---
success: true
exit_code: 0
----- stdout -----

----- stderr -----
wt step - Run individual operations

Usage: [1m[36mwt step[0m [36m[OPTIONS][0m [36m<COMMAND>

[1m[32mCommands:
  [1m[36mcommit[0m        Commit changes with LLM commit message
  [1m[36msquash[0m        Squash commits since branching
  [1m[36mpush[0m          Fast-forward target to current branch
  [1m[36mrebase[0m        Rebase onto target
  [1m[36mcopy-ignored[0m  Copy [1m.worktreeinclude[0m files to another worktree
  [1m[36mfor-each[0m      [experimental] Run command in each worktree

[1m[32mOptions:
  [1m[36m-h[0m, [1m[36m--help[0m  Print help (see more with '--help')

[1m[32mGlobal Options:
  [1m[36m-C[0m[36m [0m[36m<path>[0m            Working directory for this command
      [1m[36m--config[0m[36m [0m[36m<path>[0m  User config file path
  [1m[36m-v[0m, [1m[36m--verbose[0m[36m...[0m     Show debug info (-v), or also write diagnostic report (-vv)
