---
source: tests/integration_tests/post_start_commands.rs
info:
  program: wt
  args:
    - switch
    - "--create"
    - feature
  env:
    CLICOLOR_FORCE: "1"
    COLUMNS: "150"
    GIT_AUTHOR_DATE: "2025-01-01T00:00:00Z"
    GIT_COMMITTER_DATE: "2025-01-01T00:00:00Z"
    GIT_CONFIG_GLOBAL: /dev/null
    GIT_CONFIG_SYSTEM: /dev/null
    GIT_EDITOR: ""
    LANG: C
    LC_ALL: C
    SOURCE_DATE_EPOCH: "1761609600"
    WORKTRUNK_CONFIG_PATH: /var/folders/wf/s6ycxvvs4ln8qsdbfx40hnc40000gn/T/.tmp4vXfy1/test-config.toml
---
success: false
exit_code: 1
----- stdout -----
❌ [31mFailed to load project config[0m
[40m [0m  Failed to parse TOML: TOML parse error at line 1, column 39
[40m [0m    |
[40m [0m  1 | post-create-command = [invalid syntax
[40m [0m    |                                       ^
[40m [0m  unclosed array, expected `]`


----- stderr -----
