---
source: tests/integration_tests/list.rs
info:
  program: wt
  args:
    - list
    - "--format=json"
  env:
    CLICOLOR_FORCE: "1"
    COLUMNS: "150"
    GIT_AUTHOR_DATE: "2025-01-01T00:00:00Z"
    GIT_COMMITTER_DATE: "2025-01-01T00:00:00Z"
    GIT_CONFIG_GLOBAL: /dev/null
    GIT_CONFIG_SYSTEM: /dev/null
    GIT_EDITOR: ""
    LANG: C
    LC_ALL: C
    SOURCE_DATE_EPOCH: "1761609600"
    WORKTRUNK_CONFIG_PATH: /var/folders/wf/s6ycxvvs4ln8qsdbfx40hnc40000gn/T/.tmp9iVH2N/test-config.toml
---
success: true
exit_code: 0
----- stdout -----
[
  {
    "type": "worktree",
    "path": "[REPO]",
    "head_sha": "b834638e33dbc6b37002685ee0777f4b8f1af904",
    "branch": "main",
    "bare": false,
    "detached": false,
    "locked": null,
    "prunable": null,
    "timestamp": 0,
    "commit_message": "Initial commit",
    "ahead": 0,
    "behind": 0,
    "branch_diff": {
      "added": 0,
      "deleted": 0
    },
    "working_tree_diff": {
      "added": 0,
      "deleted": 0
    },
    "working_tree_diff_with_main": {
      "added": 0,
      "deleted": 0
    },
    "worktree_state": null,
    "has_conflicts": false,
    "is_primary": true,
    "upstream_remote": null,
    "upstream_ahead": 0,
    "upstream_behind": 0,
    "pr_status": null,
    "status_symbols": {
      "has_conflicts": false,
      "has_potential_conflicts": false,
      "branch_state": "",
      "git_operation": "",
      "worktree_attrs": "",
      "main_divergence": "",
      "upstream_divergence": "",
      "working_tree": "",
      "user_status": null
    }
  },
  {
    "type": "worktree",
    "path": "[WORKTREE_FEATURE_DETACHED]",
    "head_sha": "b834638e33dbc6b37002685ee0777f4b8f1af904",
    "branch": "feature-detached",
    "bare": false,
    "detached": false,
    "locked": null,
    "prunable": null,
    "timestamp": 0,
    "commit_message": "Initial commit",
    "ahead": 0,
    "behind": 0,
    "branch_diff": {
      "added": 0,
      "deleted": 0
    },
    "working_tree_diff": {
      "added": 0,
      "deleted": 0
    },
    "working_tree_diff_with_main": {
      "added": 0,
      "deleted": 0
    },
    "worktree_state": null,
    "has_conflicts": false,
    "is_primary": false,
    "upstream_remote": null,
    "upstream_ahead": 0,
    "upstream_behind": 0,
    "pr_status": null,
    "status_symbols": {
      "has_conflicts": false,
      "has_potential_conflicts": false,
      "branch_state": "≡",
      "git_operation": "",
      "worktree_attrs": "",
      "main_divergence": "",
      "upstream_divergence": "",
      "working_tree": "",
      "user_status": null
    },
    "status_display": "     /u001b[2m≡/u001b[0m  "
  },
  {
    "type": "worktree",
    "path": "[WORKTREE_LOCKED_FEATURE]",
    "head_sha": "b834638e33dbc6b37002685ee0777f4b8f1af904",
    "branch": "locked-feature",
    "bare": false,
    "detached": false,
    "locked": "Testing",
    "prunable": null,
    "timestamp": 0,
    "commit_message": "Initial commit",
    "ahead": 0,
    "behind": 0,
    "branch_diff": {
      "added": 0,
      "deleted": 0
    },
    "working_tree_diff": {
      "added": 0,
      "deleted": 0
    },
    "working_tree_diff_with_main": {
      "added": 0,
      "deleted": 0
    },
    "worktree_state": null,
    "has_conflicts": false,
    "is_primary": false,
    "upstream_remote": null,
    "upstream_ahead": 0,
    "upstream_behind": 0,
    "pr_status": null,
    "status_symbols": {
      "has_conflicts": false,
      "has_potential_conflicts": false,
      "branch_state": "≡",
      "git_operation": "",
      "worktree_attrs": "⊠",
      "main_divergence": "",
      "upstream_divergence": "",
      "working_tree": "",
      "user_status": null
    },
    "status_display": "     /u001b[2m≡/u001b[0m/u001b[33m⊠/u001b[0m "
  }
]

----- stderr -----
