---
source: tests/integration_tests/init.rs
info:
  program: wt
  args:
    - init
    - zsh
  env:
    CLICOLOR_FORCE: "1"
    GIT_AUTHOR_DATE: "2025-01-01T00:00:00Z"
    GIT_COMMITTER_DATE: "2025-01-01T00:00:00Z"
    GIT_CONFIG_GLOBAL: /dev/null
    GIT_CONFIG_SYSTEM: /dev/null
    GIT_EDITOR: ""
    LANG: C
    LC_ALL: C
    SOURCE_DATE_EPOCH: "1704067200"
---
success: true
exit_code: 0
----- stdout -----
# worktrunk shell integration for zsh

# Only initialize if wt is available
if command -v wt >/dev/null 2>&1; then
    # Use WORKTRUNK_BIN if set, otherwise default to 'wt'
    # This allows testing development builds: export WORKTRUNK_BIN=./target/debug/wt
    _WORKTRUNK_CMD="${WORKTRUNK_BIN:-wt}"

    # Helper function to parse wt output and handle directives
    # Directives are NUL-terminated to support multi-line commands
    _wt_exec() {
        local exec_cmd="" chunk exit_code
        local exit_code_file
        exit_code_file=$(mktemp) || { echo "Failed to create temp file" >&2; return 1; }

        # Parse output directly from wt (command substitution strips NUL bytes!)
        # Use process substitution to preserve NUL bytes
        # Write exit code to temp file since it can't be captured from process substitution
        # The || [[ -n "$chunk" ]] handles non-NUL-terminated output (e.g., error messages)
        while IFS= read -r -d '' chunk || [[ -n "$chunk" ]]; do
            if [[ "$chunk" == __WORKTRUNK_CD__* ]]; then
                # CD directive - extract path and change directory
                local path="${chunk#__WORKTRUNK_CD__}"
                \cd "$path"
            elif [[ "$chunk" == __WORKTRUNK_EXEC__* ]]; then
                # EXEC directive - extract command (may contain newlines)
                exec_cmd="${chunk#__WORKTRUNK_EXEC__}"
            else
                # Regular output - print it (preserving newlines)
                printf '%s' "$chunk"
            fi
        done < <(command "$_WORKTRUNK_CMD" "$@" 2>&1; echo "$?" > "$exit_code_file")

        # Read exit code from temp file
        exit_code=$(cat "$exit_code_file" 2>/dev/null || echo 0)

        # Cleanup temp file
        \rm -f "$exit_code_file"

        # Execute command if one was specified
        # Security: Command is user-provided from -x flag; eval is intentional.
        # NUL-termination allows multi-line commands.
        # Exit code semantics: Returns wt's exit code, not the executed command's.
        # This allows detecting wt failures (e.g., branch creation errors).
        # The executed command runs for side effects; its failure is logged but doesn't affect exit code.
        if [[ -n "$exec_cmd" ]]; then
            if ! eval "$exec_cmd"; then
                echo "Warning: Command execution failed (exit code $?)" >&2
            fi
        fi

        return $exit_code
    }

    # Override wt command to add --internal flag for switch, remove, and merge
    wt() {
        local subcommand="$1"

        case "$subcommand" in
            switch|remove|merge)
                # Commands that need --internal for directory change support
                shift
                _wt_exec "$subcommand" --internal "$@"
                ;;
            *)
                # All other commands pass through directly
                command "$_WORKTRUNK_CMD" "$@"
                ;;
        esac
    }

    # Dynamic completion function
    _wt_complete() {
        local cur="${COMP_WORDS[COMP_CWORD]}"

        # Call wt complete with current command line
        local completions=$(command "$_WORKTRUNK_CMD" complete "${COMP_WORDS[@]}" 2>/dev/null)
        COMPREPLY=($(compgen -W "$completions" -- "$cur"))
    }

    # Register dynamic completion
    complete -F _wt_complete wt
fi

# Static completions (commands and flags)
#compdef wt

autoload -U is-at-least

_wt() {
    typeset -A opt_args
    typeset -a _arguments_options
    local ret=1

    if is-at-least 5.2; then
        _arguments_options=(-s -S -C)
    else
        _arguments_options=(-s -C)
    fi

    local context curcontext="$curcontext" state line
    _arguments "${_arguments_options[@]}" : \
'-h[Print help]' \
'--help[Print help]' \
'-V[Print version]' \
'--version[Print version]' \
":: :_wt_commands" \
"*::: :->wt" \
&& ret=0
    case $state in
    (wt)
        words=($line[1] "${words[@]}")
        (( CURRENT += 1 ))
        curcontext="${curcontext%:*:*}:wt-command-$line[1]:"
        case $line[1] in
            (init)
_arguments "${_arguments_options[@]}" : \
'--cmd=[Command prefix (default\: wt)]:CMD:_default' \
'-h[Print help]' \
'--help[Print help]' \
':shell -- Shell to generate code for (bash, fish, zsh):_default' \
&& ret=0
;;
(configure-shell)
_arguments "${_arguments_options[@]}" : \
'--shell=[Specific shell to configure (default\: all shells with existing config files)]:SHELL:(bash elvish fish nushell oil powershell xonsh zsh)' \
'--cmd=[Command prefix (default\: wt)]:CMD:_default' \
'-y[Skip confirmation prompt]' \
'--yes[Skip confirmation prompt]' \
'-h[Print help]' \
'--help[Print help]' \
&& ret=0
;;
(config)
_arguments "${_arguments_options[@]}" : \
'-h[Print help]' \
'--help[Print help]' \
":: :_wt__config_commands" \
"*::: :->config" \
&& ret=0

    case $state in
    (config)
        words=($line[1] "${words[@]}")
        (( CURRENT += 1 ))
        curcontext="${curcontext%:*:*}:wt-config-command-$line[1]:"
        case $line[1] in
            (init)
_arguments "${_arguments_options[@]}" : \
'-h[Print help]' \
'--help[Print help]' \
&& ret=0
;;
(list)
_arguments "${_arguments_options[@]}" : \
'-h[Print help]' \
'--help[Print help]' \
&& ret=0
;;
        esac
    ;;
esac
;;
(list)
_arguments "${_arguments_options[@]}" : \
'--format=[Output format]:FORMAT:((table\:"Human-readable table format"
json\:"JSON format"))' \
'--branches[Also display branches that don'\''t have worktrees]' \
'-h[Print help (see more with '\''--help'\'')]' \
'--help[Print help (see more with '\''--help'\'')]' \
&& ret=0
;;
(switch)
_arguments "${_arguments_options[@]}" : \
'-b+[Base branch to create from (only with --create)]:BASE:_default' \
'--base=[Base branch to create from (only with --create)]:BASE:_default' \
'-x+[Execute command after switching]:EXECUTE:_default' \
'--execute=[Execute command after switching]:EXECUTE:_default' \
'-c[Create a new branch]' \
'--create[Create a new branch]' \
'-f[Skip confirmation prompt]' \
'--force[Skip confirmation prompt]' \
'--no-config-commands[Skip executing post-start commands from project config]' \
'-h[Print help]' \
'--help[Print help]' \
':branch -- Branch name or worktree path:_default' \
&& ret=0
;;
(remove)
_arguments "${_arguments_options[@]}" : \
'-h[Print help]' \
'--help[Print help]' \
&& ret=0
;;
(push)
_arguments "${_arguments_options[@]}" : \
'--allow-merge-commits[Allow pushing merge commits (non-linear history)]' \
'-h[Print help]' \
'--help[Print help]' \
'::target -- Target branch (defaults to default branch):_default' \
&& ret=0
;;
(merge)
_arguments "${_arguments_options[@]}" : \
'-m+[Custom instruction for commit message generation]:MESSAGE:_default' \
'--message=[Custom instruction for commit message generation]:MESSAGE:_default' \
'-s[Squash all commits into one before merging]' \
'--squash[Squash all commits into one before merging]' \
'-k[Keep worktree after merging (don'\''t remove)]' \
'--keep[Keep worktree after merging (don'\''t remove)]' \
'-h[Print help]' \
'--help[Print help]' \
'::target -- Target branch to merge into (defaults to default branch):_default' \
&& ret=0
;;
(completion)
_arguments "${_arguments_options[@]}" : \
'-h[Print help]' \
'--help[Print help]' \
':shell -- Shell to generate completions for:(bash elvish fish nushell oil powershell xonsh zsh)' \
&& ret=0
;;
(complete)
_arguments "${_arguments_options[@]}" : \
'-h[Print help]' \
'--help[Print help]' \
'*::args -- Arguments to complete:_default' \
&& ret=0
;;
        esac
    ;;
esac
}

(( $+functions[_wt_commands] )) ||
_wt_commands() {
    local commands; commands=(
'init:Generate shell integration code' \
'configure-shell:Configure shell by writing to config files' \
'config:Manage configuration' \
'list:List all worktrees' \
'switch:Switch to a worktree' \
'remove:Finish current worktree, returning to primary if current' \
'push:Push changes between worktrees' \
'merge:Merge worktree into target branch' \
'completion:Generate shell completion script (deprecated - use init instead)' \
'complete:Internal completion helper (hidden)' \
    )
    _describe -t commands 'wt commands' commands "$@"
}
(( $+functions[_wt__complete_commands] )) ||
_wt__complete_commands() {
    local commands; commands=()
    _describe -t commands 'wt complete commands' commands "$@"
}
(( $+functions[_wt__completion_commands] )) ||
_wt__completion_commands() {
    local commands; commands=()
    _describe -t commands 'wt completion commands' commands "$@"
}
(( $+functions[_wt__config_commands] )) ||
_wt__config_commands() {
    local commands; commands=(
'init:Initialize global configuration file with examples' \
'list:List all configuration files and their locations' \
    )
    _describe -t commands 'wt config commands' commands "$@"
}
(( $+functions[_wt__config__init_commands] )) ||
_wt__config__init_commands() {
    local commands; commands=()
    _describe -t commands 'wt config init commands' commands "$@"
}
(( $+functions[_wt__config__list_commands] )) ||
_wt__config__list_commands() {
    local commands; commands=()
    _describe -t commands 'wt config list commands' commands "$@"
}
(( $+functions[_wt__configure-shell_commands] )) ||
_wt__configure-shell_commands() {
    local commands; commands=()
    _describe -t commands 'wt configure-shell commands' commands "$@"
}
(( $+functions[_wt__init_commands] )) ||
_wt__init_commands() {
    local commands; commands=()
    _describe -t commands 'wt init commands' commands "$@"
}
(( $+functions[_wt__list_commands] )) ||
_wt__list_commands() {
    local commands; commands=()
    _describe -t commands 'wt list commands' commands "$@"
}
(( $+functions[_wt__merge_commands] )) ||
_wt__merge_commands() {
    local commands; commands=()
    _describe -t commands 'wt merge commands' commands "$@"
}
(( $+functions[_wt__push_commands] )) ||
_wt__push_commands() {
    local commands; commands=()
    _describe -t commands 'wt push commands' commands "$@"
}
(( $+functions[_wt__remove_commands] )) ||
_wt__remove_commands() {
    local commands; commands=()
    _describe -t commands 'wt remove commands' commands "$@"
}
(( $+functions[_wt__switch_commands] )) ||
_wt__switch_commands() {
    local commands; commands=()
    _describe -t commands 'wt switch commands' commands "$@"
}

if [ "$funcstack[1]" = "_wt" ]; then
    _wt "$@"
else
    compdef _wt wt
fi

----- stderr -----
