---
source: tests/integration_tests/push.rs
info:
  program: wt
  args:
    - push
    - main
  env:
    CLICOLOR_FORCE: "1"
    GIT_AUTHOR_DATE: "2025-01-01T00:00:00Z"
    GIT_COMMITTER_DATE: "2025-01-01T00:00:00Z"
    GIT_CONFIG_GLOBAL: /dev/null
    GIT_CONFIG_SYSTEM: /dev/null
    GIT_EDITOR: ""
    LANG: C
    LC_ALL: C
    SOURCE_DATE_EPOCH: "1761609600"
    WORKTRUNK_CONFIG_PATH: /var/folders/wf/s6ycxvvs4ln8qsdbfx40hnc40000gn/T/.tmpQk9S4p/test-config.toml
---
success: false
exit_code: 1
----- stdout -----

----- stderr -----
❌ [31mFound merge commits in push range[0m

💡 [2mUse --allow-merge-commits to push non-linear history[0m
