---
source: tests/integration_tests/merge.rs
info:
  program: wt
  args:
    - merge
    - main
    - "--force"
  env:
    CLICOLOR_FORCE: "1"
    COLUMNS: "150"
    GIT_AUTHOR_DATE: "2025-01-01T00:00:00Z"
    GIT_COMMITTER_DATE: "2025-01-01T00:00:00Z"
    GIT_CONFIG_GLOBAL: /dev/null
    GIT_CONFIG_SYSTEM: /dev/null
    LANG: C
    LC_ALL: C
    SOURCE_DATE_EPOCH: "1761609600"
    WORKTRUNK_CONFIG_PATH: /var/folders/wf/s6ycxvvs4ln8qsdbfx40hnc40000gn/T/.tmpKT43OK/test-config.toml
---
success: true
exit_code: 0
----- stdout -----
🟡 [33mAuto-staging 1 untracked file:[0m
[40m [0m  feature.txt
🔄 [36mRunning pre-commit:[0m
[40m [0m  [1m[34mecho[0m [32m'Pre-commit check passed'[0m[0m
🔄 [36mCommitting with default message...[0m (1 file, [32m+1[0m, no squashing needed)
💡 [2mUsing fallback commit message. Run 'wt config help' to configure LLM-generated messages[0m
[40m [0m  [1mChanges to feature.txt[0m
✅ [32mCommitted changes @ [2m[SHA][0m
🔄 [36mMerging 1 commit to [1m[36mmain[0m[36m @ [2m[SHA][0m (no rebase needed)

[40m [0m  * [SHA][33m ([m[1;36mHEAD[m[33m -> [m[1;32mfeature[m[33m)[m Changes to feature.txt
[40m [0m   feature.txt | 1 [32m+[m
[40m [0m   1 file changed, 1 insertion(+)
✅ [32mMerged to [1m[32mmain[0m[0m (1 commit, 1 file, [32m+1[0m)
✅ [32mReturned to primary at [1m[32m[REPO][0m[0m
🔄 [36mRemoving worktree & branch...[0m

----- stderr -----
[0mPre-commit check passed
