---
source: tests/integration_tests/merge.rs
info:
  program: wt
  args:
    - merge
    - main
    - "--force"
  env:
    CLICOLOR_FORCE: "1"
    GIT_AUTHOR_DATE: "2025-01-01T00:00:00Z"
    GIT_COMMITTER_DATE: "2025-01-01T00:00:00Z"
    GIT_CONFIG_GLOBAL: /dev/null
    GIT_CONFIG_SYSTEM: /dev/null
    LANG: C
    LC_ALL: C
    SOURCE_DATE_EPOCH: "1761609600"
    WORKTRUNK_CONFIG_PATH: /var/folders/wf/s6ycxvvs4ln8qsdbfx40hnc40000gn/T/.tmpZVTOUR/test-config.toml
---
success: true
exit_code: 0
----- stdout -----
🔄 [36mValidating merge...[0m
🔄 [36mRebasing onto [1m[36mmain[0m...[0m
🔄 [36mPushing 1 commit to [1m[36mmain[0m @ [SHA][0m

* [33mc7fa7c0[m[33m ([m[1;36mHEAD[m[33m -> [m[1;32mfeature[m[33m)[m Add feature file

 feature.txt | 1 [32m+[m
 1 file changed, 1 insertion(+)

✅ [32mPushed to [1m[32mmain[0m (1 commit, 1 file, [32m+1[0m)  [0m
🔄 [36mCleaning up worktree...[0m
✅ [32mRemoved worktree, returned to primary at [REPO][0m

✅ [32mMerge complete

[2mMerged: [1mfeature[0m → [1mmain[0m[0m
[2mWorktree: Removed[0m[0m

----- stderr -----
🔄 [36mRunning pre-merge check 'format':[0m
[40m [0m exit 0
🔄 [36mRunning pre-merge check 'lint':[0m
[40m [0m exit 0
🔄 [36mRunning pre-merge check 'test':[0m
[40m [0m exit 0
