---
source: tests/integration_tests/merge.rs
expression: output
---
Exit code: 0
🔄 [36mValidating merge...[0m
🔄 [36mRunning pre-merge check 'first':[0m
[40m [0m echo 'STDOUT-FROM-FIRST' && echo 'STDERR-FROM-FIRST' >&2
STDOUT-FROM-FIRST
STDERR-FROM-FIRST
🔄 [36mRunning pre-merge check 'second':[0m
[40m [0m echo 'STDOUT-FROM-SECOND' && echo 'STDERR-FROM-SECOND' >&2
STDOUT-FROM-SECOND
STDERR-FROM-SECOND
🔄 [36mRebasing onto [1m[36mmain[0m...[0m
🔄 [36mPushing 1 commit to [1m[36mmain[0m @ [SHA][0m

* [33md8375ea[m[33m ([m[1;36mHEAD[m[33m -> [m[1;32mfeature[m[33m)[m Add feature file

 feature.txt | 1 [32m+[m
 1 file changed, 1 insertion(+)

✅ [32mPushed to [1m[32mmain[0m (1 commit, 1 file, [32m+1[0m)  [0m
🔄 [36mCleaning up worktree...[0m
✅ [32mRemoved worktree, returned to primary at [REPO][0m

✅ [32mMerge complete

[2mMerged: [1mfeature[0m → [1mmain[0m[0m
[2mWorktree: Removed[0m[0m
