---
source: tests/integration_tests/config_show.rs
info:
  program: wt
  args:
    - config
    - show
  env:
    APPDATA: "[TEST_CONFIG_HOME]"
    CLICOLOR_FORCE: "1"
    COLUMNS: "500"
    GIT_AUTHOR_DATE: "2025-01-01T00:00:00Z"
    GIT_COMMITTER_DATE: "2025-01-01T00:00:00Z"
    GIT_CONFIG_GLOBAL: "[TEST_GIT_CONFIG]"
    GIT_CONFIG_SYSTEM: /dev/null
    GIT_TERMINAL_PROMPT: "0"
    HOME: "[TEST_HOME]"
    LANG: C
    LC_ALL: C
    MOCK_CONFIG_DIR: "[MOCK_CONFIG_DIR]"
    PATH: "[PATH]"
    PSModulePath: ""
    RUST_LOG: warn
    SHELL: ""
    TERM: alacritty
    USERPROFILE: "[TEST_HOME]"
    WORKTRUNK_CONFIG_PATH: "[TEST_CONFIG]"
    WORKTRUNK_TEST_CLAUDE_INSTALLED: "0"
    WORKTRUNK_TEST_POWERSHELL_ENV: "0"
    WORKTRUNK_TEST_SKIP_URL_HEALTH_CHECK: "1"
    WT_TEST_DELAYED_STREAM_MS: "-1"
    WT_TEST_EPOCH: "1735776000"
    XDG_CONFIG_HOME: "[TEST_CONFIG_HOME]"
---
success: true
exit_code: 0
----- stdout -----

----- stderr -----
[36mUSER CONFIG[39m  ~/.config/worktrunk/config.toml
[31m✗[39m [31mInvalid config[39m
[107m [0m TOML parse error at line 1, column 6
[107m [0m   |
[107m [0m 1 | this is not valid toml {{{
[107m [0m   |      ^
[107m [0m key with no value, expected `=`
[107m [0m this is not valid toml {{{

[36mPROJECT CONFIG[39m  _REPO_/.config/wt.toml
[2m↳[22m [2mNot found[22m

[36mSHELL INTEGRATION[39m
[33m▲[39m [33mShell integration not active[39m
[107m [0m Invoked as: [1m[PROJECT_ROOT]/target/debug/wt[22m

[2m○[22m [2mbash: Skipped; ~/.bashrc not found[22m
[2m○[22m [2mzsh: Skipped; ~/.zshrc not found[22m
[2m○[22m [2mfish: Skipped; ~/.config/fish/functions not found[22m

[36mCLAUDE CODE[39m
[2m○[22m [1mclaude[22m CLI not installed

[36mOTHER[39m
[2m○[22m wt: [1m[VERSION][22m
[2m○[22m git: [1m[VERSION][22m
[2m○[22m Hyperlinks: [1minactive[22m
