---
source: tests/integration_tests/approval_pty.rs
expression: "&output"
---
n

[33m▲[39m [33m[1mrepo[22m needs approval to execute [1m1[22m command:[39m

[2m○[22m post-create:
[107m [0m [2m[0m[2m[34mecho[0m[2m [0m[2m[32m'test command'[0m[2m[0m
[36m❯[39m Allow and remember? [1m[y/N][22m 
[2m○[22m Commands declined, continuing worktree creation
[32m✓[39m [32mCreated branch [1mtest-decline[22m from [1mmain[22m and worktree @ [1m_REPO_.test-decline[22m[39m
[2m↳[22m [2mTo customize worktree locations, run [90mwt config create[39m[22m
[33m▲[39m [33mCannot change directory — ran [BIN][22m; shell integration wraps [1mwt[22m[39m
