---
source: tests/integration_tests/help.rs
info:
  program: wt
  args:
    - config
    - state
    - "--help"
  env:
    CLICOLOR_FORCE: "1"
    COLUMNS: "500"
    GIT_EDITOR: ""
    RUST_LOG: warn
    SOURCE_DATE_EPOCH: "1735776000"
    TERM: alacritty
    WORKTRUNK_CONFIG_PATH: /nonexistent/test/config.toml
    WORKTRUNK_TEST_SKIP_URL_HEALTH_CHECK: "1"
---
success: true
exit_code: 0
----- stdout -----

----- stderr -----
wt config state - Manage internal data and cache

Usage: [1m[36mwt config state[0m [36m[OPTIONS][0m [36m<COMMAND>

[1m[32mCommands:
  [1m[36mdefault-branch[0m   Default branch setting
  [1m[36mprevious-branch[0m  Previous branch (for [1mwt switch -[0m)
  [1m[36mci-status[0m        CI status cache
  [1m[36mmarker[0m           Branch markers
  [1m[36mlogs[0m             Background operation logs
  [1m[36mhints[0m            One-time hints shown in this repo
  [1m[36mget[0m              Get all stored state
  [1m[36mclear[0m            Clear all stored state

[1m[32mOptions:
  [1m[36m-h[0m, [1m[36m--help
          Print help (see a summary with '-h')

[1m[32mGlobal Options:
  [1m[36m-C[0m[36m [0m[36m<path>
          Working directory for this command

      [1m[36m--config[0m[36m [0m[36m<path>
          User config file path

  [1m[36m-v[0m, [1m[36m--verbose[0m[36m...
          Show debug info (-v), or also write diagnostic report (-vv)

State is stored in [2m.git/[0m (config entries and log files), separate from configuration files.
Use [2mwt config show[0m to view file-based configuration.

[1m[32mKeys

- [1mdefault-branch[0m: The repository's default branch ([2mmain[0m, [2mmaster[0m, etc.)
- [1mprevious-branch[0m: Previous branch for [2mwt switch -
- [1mci-status[0m: CI/PR status for a branch (passed, running, failed, conflicts, no-ci, error)
- [1mmarker[0m: Custom status marker for a branch (shown in [2mwt list[0m)
- [1mlogs[0m: Background operation logs

[1m[32mExamples

Get the default branch:
  [2mwt config state default-branch

Set the default branch manually:
  [2mwt config state default-branch set main

Set a marker for current branch:
  [2mwt config state marker set "🚧 WIP"

Clear all CI status cache:
  [2mwt config state ci-status clear --all

Show all stored state:
  [2mwt config state get

Clear all stored state:
  [2mwt config state clear
