---
source: tests/integration_tests/help.rs
info:
  program: wt
  args:
    - hook
    - approvals
    - clear
    - "--help"
  env:
    CLICOLOR_FORCE: "1"
    COLUMNS: "150"
    GIT_EDITOR: ""
    RUST_LOG: warn
    SOURCE_DATE_EPOCH: "1735776000"
    TERM: alacritty
    WORKTRUNK_CONFIG_PATH: /nonexistent/test/config.toml
    WORKTRUNK_TEST_SKIP_URL_HEALTH_CHECK: "1"
---
success: true
exit_code: 0
----- stdout -----

----- stderr -----
wt hook approvals clear - Clear approved commands from config

Usage: [1m[36mwt hook approvals clear[0m [36m[OPTIONS]

[1m[32mOptions:
  [1m[36m-g[0m, [1m[36m--global
          Clear global approvals

  [1m[36m-h[0m, [1m[36m--help
          Print help (see a summary with '-h')

[1m[32mGlobal Options:
  [1m[36m-C[0m[36m [0m[36m<path>
          Working directory for this command

      [1m[36m--config[0m[36m [0m[36m<path>
          User config file path

  [1m[36m-v[0m, [1m[36m--verbose[0m[36m...
          Show debug info (-v), or also write diagnostic report (-vv)

Removes saved approvals, requiring re-approval on next command run.

By default, clears approvals for the current project. Use [2m--global[0m to clear
all approvals across all projects.
