---
source: tests/integration_tests/merge.rs
info:
  program: wt
  args:
    - merge
    - main
    - "--force"
    - "--no-verify"
  env:
    CLICOLOR_FORCE: "1"
    COLUMNS: "150"
    GIT_AUTHOR_DATE: "2025-01-01T00:00:00Z"
    GIT_COMMITTER_DATE: "2025-01-01T00:00:00Z"
    GIT_CONFIG_GLOBAL: /dev/null
    GIT_CONFIG_SYSTEM: /dev/null
    LANG: C
    LC_ALL: C
    SOURCE_DATE_EPOCH: "1761609600"
    WORKTRUNK_CONFIG_PATH: /var/folders/wf/s6ycxvvs4ln8qsdbfx40hnc40000gn/T/.tmpUCbYQE/test-config.toml
---
success: true
exit_code: 0
----- stdout -----
🔄 [36mMerging 1 commit to [1m[36mmain[0m[36m @ [2m[SHA][0m (no commit/squash/rebase needed)

[40m [0m  * [SHA][33m ([m[1;36mHEAD[m[33m -> [m[1;32mfeature[m[33m)[m Add feature file
[40m [0m   feature.txt | 1 [32m+[m
[40m [0m   1 file changed, 1 insertion(+)
✅ [32mMerged to [1m[32mmain[0m[0m (1 commit, 1 file, [32m+1[0m)
🔄 [36mRemoving worktree & branch...[0m
✅ [32mRemoved worktree & branch for [1m[32mfeature[0m[32m, returned to primary at [1m[32m[REPO][0m[0m

----- stderr -----
