---
source: tests/integration_tests/configure_shell.rs
expression: normalized
---
[36m❯[39m Install shell integration? [1m[y/N/?][22m 
✓ Added shell extension & completions for zsh @ ~/.zshrc
↳ Skipped bash; ~/.bashrc not found
↳ Skipped fish; ~/.config/fish/conf.d not found
✓ Configured 1 shell
▲ Completions require compinit; add to ~/.zshrc before the wt line:
  autoload -Uz compinit && compinit
↳ Restart shell to activate shell integration
