---
source: tests/integration_tests/post_start_commands.rs
info:
  program: wt
  args:
    - switch
    - "--create"
    - feature
  env:
    CLICOLOR_FORCE: "1"
    GIT_AUTHOR_DATE: "2025-01-01T00:00:00Z"
    GIT_COMMITTER_DATE: "2025-01-01T00:00:00Z"
    GIT_CONFIG_GLOBAL: /dev/null
    GIT_CONFIG_SYSTEM: /dev/null
    GIT_EDITOR: ""
    LANG: C
    LC_ALL: C
    SOURCE_DATE_EPOCH: "1761609600"
    WORKTRUNK_CONFIG_PATH: /var/folders/wf/s6ycxvvs4ln8qsdbfx40hnc40000gn/T/.tmpVtm7lX/test-config.toml
---
success: true
exit_code: 0
----- stdout -----
✅ [32mCreated new worktree for [1mfeature[0m at [REPO].feature[0m

To enable automatic cd, run: wt configure-shell

----- stderr -----
