---
source: tests/integration_tests/approval_pty.rs
expression: normalized
---
n

🟡 [33m[1mrepo[22m needs approval to execute [1m1[22m command:[39m

⚪ post-create:
[107m [0m  [2m[0m[2m[34mecho[0m[2m [0m[2m[32m'test command'[0m[2m[0m
❓ Allow and remember? [1m[y/N][22m 
⚪ Commands declined, continuing worktree creation
✅ [32mCreated new worktree for [1mtest-decline[22m from [1mmain[22m @ [1m[REPO]/repo.test-decline[22m[39m
💡 [2mRun [90mwt config shell install[39m to enable automatic cd[22m
