---
source: tests/integration_tests/approval_pty.rs
expression: normalized
---
y

🟡 [33m[1m[33mtest-repo[0m[33m needs approval to execute [1m[33m1[0m[33m command:[0m

⚪ post-create:
[107m [0m  [1m[2m[34mecho[0m [2m[32m'test command'[0m[0m

💡 Allow and remember? [1m[y/N][0m 
🟡 Failed to save command approval: Failed to write config file: Permission denied (os error 13)
💡 [2mYou will be prompted again next time.[0m
🔄 [36mRunning post-create:[0m
[107m [0m  [1m[2m[34mecho[0m [2m[32m'test command'[0m[0m
[0mtest command
✅ [32mCreated new worktree for [1m[32mtest-permission[0m[32m from [1m[32mmain[0m[32m at [1m[32m[REPO]/test-repo.test-permission[0m[0m
💡 [2m[2mRun `wt config shell install` to enable automatic cd[0m[0m
