---
source: tests/integration_tests/shell_wrapper.rs
expression: output.normalized().as_ref()
---
[0m✓ Code formatting check passed
[0m✗ Test suite failed: 3 tests failing
❌ [31mpre-merge command failed: [0m[1m[31mtest[0m

Command failed with exit code: exit status: 1

💡 [2mUse --no-hooks to skip pre-merge commands[0m
🔄 [36mRebasing onto [0m[1m[36mmain[0m[36m...[0m
✅ [32mRebased onto [1m[32mmain[0m[0m
🔄 [36mRunning pre-merge: [1mformat[0m[0m
[40m [0m [1m[34mecho [32m'✓ Code formatting check passed'


🔄 [36mRunning pre-merge: [1mtest[0m[0m
[40m [0m [1m[34mecho [32m'✗ Test suite failed: 3 tests failing' [36m&& [1m[34mexit 1
