---
source: tests/integration_tests/config_show_theme.rs
info:
  program: wt
  args:
    - config
    - shell
    - show-theme
  env:
    CLICOLOR_FORCE: "1"
    COLUMNS: "500"
    LANG: C
    LC_ALL: C
    PSModulePath: ""
    RUST_LOG: warn
    SHELL: ""
    TERM: alacritty
    WORKTRUNK_CONFIG_PATH: /nonexistent/test/config.toml
    WORKTRUNK_TEST_CLAUDE_INSTALLED: "0"
    WORKTRUNK_TEST_POWERSHELL_ENV: "0"
    WORKTRUNK_TEST_SKIP_URL_HEALTH_CHECK: "1"
    WT_TEST_DELAYED_STREAM_MS: "-1"
    WT_TEST_EPOCH: "1735776000"
---
success: true
exit_code: 0
----- stdout -----

----- stderr -----
[36m◎[39m [36mRebasing [1mfeature[22m onto [1mmain[22m...[39m
[32m✓[39m [32mCreated worktree for [1mfeature[22m @ [1m/path/to/worktree[22m[39m
[31m✗[39m [31mBranch [1mfeature[22m not found[39m
[33m▲[39m [33mBranch [1mfeature[22m has uncommitted changes[39m
[2m↳[22m [2mTo rebase onto main, run [90mwt merge[39m[22m
[2m○[22m Showing [1m5[22m worktrees

[2m○[22m Gutter formatting (error details):
[107m [0m expected `=`, found newline at line 3 column 1

[2m○[22m Gutter formatting (config):
[107m [0m [1m[36m[commit.generation][0m
[107m [0m command = [32m"llm --model claude"[0m

[2m○[22m Gutter formatting (shell code):
[107m [0m [2m[0m[2m[34meval[0m[2m [0m[2m[32m"$([0m[2m[34mwt[0m[2m config shell init bash)"[0m[2m[0m

[2m○[22m Prompt formatting:
[36m❯[39m [36mProceed? [y/N][39m
