---
source: tests/integration_tests/git_error_display.rs
expression: err.to_string()
---
[31m✗[39m [31mDirectory already exists: [1m/tmp/repo.feature[22m[39m
[2m↳[22m [2mTo remove manually, run [90mrm -rf /tmp/repo.feature[39m; to overwrite (with backup), run [90mwt switch --clobber feature[39m[22m
