---
source: tests/integration_tests/shell_wrapper.rs
expression: output.normalized()
---
Installing dependencies...
Building project...
🔄 [36mRunning post-create[0m
🔄 [40m [0m  [1m[34mecho[0m [32m'Installing dependencies...'[0m[0m


🔄 [36mRunning post-create[0m
🔄 [40m [0m  [1m[34mecho[0m [32m'Building project...'[0m[0m


✅ [32mCreated new worktree for [1m[32mfeature-hooks[0m[32m from [1m[32mmain[0m[32m: [1m[32m[TMPDIR]/test-repo.feature-hooks[0m[0m
🔄 [36mRunning post-start: [1mserver[0m[0m
🔄 [40m [0m  [1m[34mecho[0m [32m'Starting dev server on port 3000'[0m[0m

🔄 [36mRunning post-start: [1mwatch[0m[0m
🔄 [40m [0m  [1m[34mecho[0m [32m'Watching for file changes'[0m[0m
